<html>
<body>
<pre>
<h1>µVision Build Log</h1>
<h2>Project:</h2>
E:\ROBOTBASE\STM\stm32f10x\stm32f1xx_ws\adc\adc.uvproj
Project File Date:  12/08/2015

<h2>Output:</h2>
Rebuild target 'stm32f103VE'
compiling core_cm3.c...
compiling system_stm32f10x.c...
compiling stm32f10x_rcc.c...
compiling stm32f10x_adc.c...
compiling stm32f10x_dma.c...
compiling stm32f10x_gpio.c...
compiling misc.c...
compiling main.c...
compiling stm32f10x_it.c...
assembling startup_stm32f10x_md.s...
linking...
Program Size: Code=4992 RO-data=268 RW-data=48 ZI-data=1088  
FromELF: creating hex file...
".\adc_project.axf" - 0 Error(s), 0 Warning(s).
</pre>
</body>
</html>

".\adc_project.axf" - 1 Error(s), 0 Warning(s).
Target not created
.axf" - 2 Error(s), 0 Warning(s).
Target not created
218E: Undefined symbol ADC_ITConfig (referred from main.o).
.\adc_project.axf: Error: L6218E: Undefined symbol ADC_Init (referred from main.o).
.\adc_project.axf: Error: L6218E: Undefined symbol ADC_RegularChannelConfig (referred from main.o).
.\adc_project.axf: Error: L6218E: Undefined symbol ADC_ResetCalibration (referred from main.o).
.\adc_project.axf: Error: L6218E: Undefined symbol ADC_SoftwareStartConvCmd (referred from main.o).
.\adc_project.axf: Error: L6218E: Undefined symbol ADC_StartCalibration (referred from main.o).
.\adc_project.axf: Error: L6218E: Undefined symbol DMA_Cmd (referred from main.o).
.\adc_project.axf: Error: L6218E: Undefined symbol DMA_DeInit (referred from main.o).
.\adc_project.axf: Error: L6218E: Undefined symbol DMA_Init (referred from main.o).
.\adc_project.axf: Error: L6218E: Undefined symbol GPIO_Init (referred from main.o).
.\adc_project.axf: Error: L6218E: Undefined symbol NVIC_Init (referred from main.o).
.\adc_project.axf: Error: L6218E: Undefined symbol ADC_GetConversionValue (referred from stm32f10x_it.o).
Not enough information to list image symbols.
Finished: 1 information, 0 warning and 16 error messages.
".\adc_project.axf" - 16 Error(s), 0 Warning(s).
Target not created
compiling system_stm32f10x.c...
"..\..\Libraries\CMSIS\CM3\DeviceSupport\ST\STM32F10x\system_stm32f10x.c" - 0 Error(s), 0 Warning(s).
