<html>
<body>
<pre>
<h1>µVision Build Log</h1>
<h2>Project:</h2>
E:\ROBOTBASE\STM\stm32f10x\stm32f1xx_ws\sample_project\sample_project.uvproj
Project File Date:  12/01/2015

<h2>Output:</h2>
Rebuild target 'stm32f103VE'
compiling core_cm3.c...
compiling system_stm32f10x.c...
compiling stm32f10x_rcc.c...
compiling main.c...
assembling startup_stm32f10x_md.s...
linking...
Program Size: Code=608 RO-data=268 RW-data=20 ZI-data=1028  
FromELF: creating hex file...
".\sample_project.axf" - 0 Error(s), 0 Warning(s).
</pre>
</body>
</html>
